/// version = 0.1
/// title = "nNGM: Mapping Therapieform"
/// status = draft
map "http://uk-koeln.de/fhir/StructureMap/nNGMMappingTherapie" = nNGM_Mapping_Basisangaben

uses "http://hl7.org/fhir/StructureDefinition/CTS_Transport" as source
uses "http://hl7.org/fhir/StructureDefinition/Organization" as target
uses "http://hl7.org/fhir/StructureDefinition/Practitioner" as target
uses "http://hl7.org/fhir/StructureDefinition/EpisodeOfCare" as target
uses "http://hl7.org/fhir/StructureDefinition/ProcedureRequest" as target
uses "http://hl7.org/fhir/StructureDefinition/Patient" as target
uses "http://hl7.org/fhir/StructureDefinition/Observation" as target

uses "http://hl7.org/fhir/StructureDefinition/Encounter" as target
uses "http://hl7.org/fhir/StructureDefinition/MedicationAdministration" as target
uses "http://hl7.org/fhir/StructureDefinition/Procedure" as target

import "http://uk-koeln.de/fhir/StructureMap/nNGM_Mapping_TherapieOP"
import "http://uk-koeln.de/fhir/StructureMap/nNGM_Mapping_TherapieSONST"
import "http://uk-koeln.de/fhir/StructureMap/nNGM_Mapping_TherapieSTR"
import "http://uk-koeln.de/fhir/StructureMap/nNGM_Mapping_TherapieSYST"

group TransformBundle(source src: CTS_Transport, target bundle: Bundle)
{
    src -> bundle.id = uuid();
    src -> bundle.type = 'collection';

    src -> bundle.entry as entry, 
           entry.resource = create('Patient') as patient 
           then TransformPatient(src, patient), TransformPatientPostHandler(src, patient, bundle);

    src -> bundle.entry as entry, 
           entry.resource = create('Practitioner') as practitioner 
           then TransformPractitioner(src, practitioner);

    src -> bundle.entry as entry, 
           entry.resource = create('Organization') as organization 
           then TransformOrganization(src, organization);
}

//link all the profiles 

